---
source: src/tests.rs
assertion_line: 17
expression: ast

---
Block {
    stmts: [
        If(
            True,
            Block {
                stmts: [
                    FnCall(
                        FnCall(
                            Var(
                                Simple(
                                    Name("print"),
                                ),
                            ),
                            None,
                            [
                                Str(
                                    "something",
                                ),
                            ],
                        ),
                    ),
                ],
                ret: None,
            },
            [],
            None,
        ),
    ],
    ret: None,
}
