---
source: src/tests.rs
assertion_line: 18
expression: ast

---
Block {
    stmts: [
        Assignment(
            [
                Simple(
                    Name("x"),
                ),
            ],
            [
                Binary(
                    Prefix(
                        Var(
                            Simple(
                                Name("a"),
                            ),
                        ),
                    ),
                    Add,
                    Binary(
                        Prefix(
                            Var(
                                Simple(
                                    Name("b"),
                                ),
                            ),
                        ),
                        Mul,
                        Prefix(
                            Var(
                                Simple(
                                    Name("c"),
                                ),
                            ),
                        ),
                    ),
                ),
            ],
        ),
    ],
    ret: None,
}
